// Jest Snapshot v1, https://goo.gl/fbAQLP

exports[`SkeletonSearchResults matches snapshots 1`] = `
<div>
  <div>
    <div
      class="userCommentSkeleton"
      data-testid="skeleton-item"
    >
      <div
        class="CommentsSkeleton"
      >
        <span
          aria-busy="true"
          aria-live="polite"
        >
          <span
            class="react-loading-skeleton"
            style="margin-right: 10px; width: 40px; height: 40px; border-radius: 50%;"
          >
            ‌
          </span>
          <br />
        </span>
        <div>
          <span
            aria-busy="true"
            aria-live="polite"
          >
            <span
              class="react-loading-skeleton"
              style="width: 65px; height: 15px;"
            >
              ‌
            </span>
            <br />
          </span>
          <span
            aria-busy="true"
            aria-live="polite"
          >
            <span
              class="react-loading-skeleton"
              style="width: 300px; height: 15px;"
            >
              ‌
            </span>
            <br />
          </span>
        </div>
      </div>
      <div
        class="CommentsSkeleton"
      >
        <span
          aria-busy="true"
          aria-live="polite"
        >
          <span
            class="react-loading-skeleton"
            style="margin-right: 10px; width: 40px; height: 40px; border-radius: 50%;"
          >
            ‌
          </span>
          <br />
        </span>
        <div>
          <span
            aria-busy="true"
            aria-live="polite"
          >
            <span
              class="react-loading-skeleton"
              style="width: 65px; height: 15px;"
            >
              ‌
            </span>
            <br />
          </span>
          <span
            aria-busy="true"
            aria-live="polite"
          >
            <span
              class="react-loading-skeleton"
              style="width: 300px; height: 15px;"
            >
              ‌
            </span>
            <br />
          </span>
        </div>
      </div>
      <div
        class="CommentsSkeleton"
      >
        <span
          aria-busy="true"
          aria-live="polite"
        >
          <span
            class="react-loading-skeleton"
            style="margin-right: 10px; width: 40px; height: 40px; border-radius: 50%;"
          >
            ‌
          </span>
          <br />
        </span>
        <div>
          <span
            aria-busy="true"
            aria-live="polite"
          >
            <span
              class="react-loading-skeleton"
              style="width: 65px; height: 15px;"
            >
              ‌
            </span>
            <br />
          </span>
          <span
            aria-busy="true"
            aria-live="polite"
          >
            <span
              class="react-loading-skeleton"
              style="width: 300px; height: 15px;"
            >
              ‌
            </span>
            <br />
          </span>
        </div>
      </div>
    </div>
    <div
      class="leaveCommentSkeleton"
    >
      <span
        aria-busy="true"
        aria-live="polite"
      >
        <span
          class="react-loading-skeleton"
          style="margin-bottom: 15px; border-radius: 5px; width: 300px; height: 30px;"
        >
          ‌
        </span>
        <br />
      </span>
      <span
        aria-busy="true"
        aria-live="polite"
      >
        <span
          class="react-loading-skeleton"
          style="margin-bottom: 10px; width: 65px;"
        >
          ‌
        </span>
        <br />
      </span>
      <span
        aria-busy="true"
        aria-live="polite"
      >
        <span
          class="react-loading-skeleton"
          style="margin-bottom: 15px; width: 320px; height: 40px;"
        >
          ‌
        </span>
        <br />
      </span>
      <span
        aria-busy="true"
        aria-live="polite"
      >
        <span
          class="react-loading-skeleton"
          style="margin-bottom: 10px; width: 65px;"
        >
          ‌
        </span>
        <br />
      </span>
      <span
        aria-busy="true"
        aria-live="polite"
      >
        <span
          class="react-loading-skeleton"
          style="margin-bottom: 15px; width: 320px; height: 40px;"
        >
          ‌
        </span>
        <br />
      </span>
      <span
        aria-busy="true"
        aria-live="polite"
      >
        <span
          class="react-loading-skeleton"
          style="width: 107px; height: 35px;"
        >
          ‌
        </span>
        <br />
      </span>
    </div>
  </div>
</div>
`;
